  Determining projects to restore...
  All projects are up-to-date for restore.
C:\Users\azraz\Documents\Veil of Ages\entities\activities\GoToLocationActivity.cs(58,20): error CS0246: The type or namespace name 'MoveAlongPathAction' could not be found (are you missing a using directive or an assembly reference?) [C:\Users\azraz\Documents\Veil of Ages\Veil of Ages.csproj]
C:\Users\azraz\Documents\Veil of Ages\entities\activities\GoToBuildingActivity.cs(65,20): error CS0246: The type or namespace name 'MoveAlongPathAction' could not be found (are you missing a using directive or an assembly reference?) [C:\Users\azraz\Documents\Veil of Ages\Veil of Ages.csproj]
C:\Users\azraz\Documents\Veil of Ages\world\generation\GridGenerator.cs(181,29): error CS8121: An expression of type 'Node2D' cannot be handled by a pattern of type 'Tree'. [C:\Users\azraz\Documents\Veil of Ages\Veil of Ages.csproj]
C:\Users\azraz\Documents\Veil of Ages\world\generation\GridGenerator.cs(183,38): error CS1061: 'Tree' does not contain a definition for 'GridSize' and no accessible extension method 'GridSize' accepting a first argument of type 'Tree' could be found (are you missing a using directive or an assembly reference?) [C:\Users\azraz\Documents\Veil of Ages\Veil of Ages.csproj]
C:\Users\azraz\Documents\Veil of Ages\world\generation\GridGenerator.cs(215,25): error CS8121: An expression of type 'Node2D' cannot be handled by a pattern of type 'Tree'. [C:\Users\azraz\Documents\Veil of Ages\Veil of Ages.csproj]
C:\Users\azraz\Documents\Veil of Ages\world\generation\GridGenerator.cs(217,28): error CS1061: 'Tree' does not contain a definition for 'Initialize' and no accessible extension method 'Initialize' accepting a first argument of type 'Tree' could be found (are you missing a using directive or an assembly reference?) [C:\Users\azraz\Documents\Veil of Ages\Veil of Ages.csproj]

Build FAILED.

C:\Users\azraz\Documents\Veil of Ages\entities\activities\GoToLocationActivity.cs(58,20): error CS0246: The type or namespace name 'MoveAlongPathAction' could not be found (are you missing a using directive or an assembly reference?) [C:\Users\azraz\Documents\Veil of Ages\Veil of Ages.csproj]
C:\Users\azraz\Documents\Veil of Ages\entities\activities\GoToBuildingActivity.cs(65,20): error CS0246: The type or namespace name 'MoveAlongPathAction' could not be found (are you missing a using directive or an assembly reference?) [C:\Users\azraz\Documents\Veil of Ages\Veil of Ages.csproj]
C:\Users\azraz\Documents\Veil of Ages\world\generation\GridGenerator.cs(181,29): error CS8121: An expression of type 'Node2D' cannot be handled by a pattern of type 'Tree'. [C:\Users\azraz\Documents\Veil of Ages\Veil of Ages.csproj]
C:\Users\azraz\Documents\Veil of Ages\world\generation\GridGenerator.cs(183,38): error CS1061: 'Tree' does not contain a definition for 'GridSize' and no accessible extension method 'GridSize' accepting a first argument of type 'Tree' could be found (are you missing a using directive or an assembly reference?) [C:\Users\azraz\Documents\Veil of Ages\Veil of Ages.csproj]
C:\Users\azraz\Documents\Veil of Ages\world\generation\GridGenerator.cs(215,25): error CS8121: An expression of type 'Node2D' cannot be handled by a pattern of type 'Tree'. [C:\Users\azraz\Documents\Veil of Ages\Veil of Ages.csproj]
C:\Users\azraz\Documents\Veil of Ages\world\generation\GridGenerator.cs(217,28): error CS1061: 'Tree' does not contain a definition for 'Initialize' and no accessible extension method 'Initialize' accepting a first argument of type 'Tree' could be found (are you missing a using directive or an assembly reference?) [C:\Users\azraz\Documents\Veil of Ages\Veil of Ages.csproj]
    0 Warning(s)
    6 Error(s)

Time Elapsed 00:00:12.38
